Microchip MPLAB XC8 Compiler V1.45 ()

Linker command line:

-W-3 --edf=C:\Program Files (x86)\Microchip\xc8\v1.45\dat\en_msgs.txt -cs \
  -h+dist/default/production\aula7.X.production.sym \
  --cmf=dist/default/production\aula7.X.production.cmf -z -Q16F870 \
  -oC:\Users\Mateus\AppData\Local\Temp\sto.2 \
  -Mdist/default/production/aula7.X.production.map -E1 -ver=XC8 \
  -ASTACK=020h-06fh -pstack=STACK -ACODE=00h-07FFh -ASTRCODE=00h-07FFh \
  -ASTRING=00h-0FFhx8 -ACONST=00h-0FFhx8 -AENTRY=00h-0FFhx8 \
  -ACOMMON=070h-07Fh -ABANK0=020h-06Fh -ABANK1=0A0h-0BFh \
  -ARAM=020h-06Fh,0A0h-0BFh -AABS1=020h-07Fh,0A0h-0BFh -ASFR0=00h-01Fh \
  -ASFR1=080h-09Fh -ASFR2=0100h-016Fh -ASFR3=0180h-01EFh \
  -preset_vec=00h,intentry,init,end_init -ppowerup=CODE -pcinit=CODE \
  -pfunctab=ENTRY -ACONFIG=02007h-02007h -pconfig=CONFIG -DCONFIG=2 \
  -AIDLOC=02000h-02003h -pidloc=IDLOC -DIDLOC=2 -AEEDATA=00h-03Fh/02100h \
  -peeprom_data=EEDATA -DEEDATA=2 -DCODE=2 -DSTRCODE=2 -DSTRING=2 -DCONST=2 \
  -DENTRY=2 -k C:\Users\Mateus\AppData\Local\Temp\sto.obj \
  dist/default/production\aula7.X.production.obj 

Object code version is 3.11

Machine type is 16F870



                Name                               Link     Load   Length Selector   Space Scale
C:\Users\Mateus\AppData\Local\Temp\sto.obj
                end_init                              0        0        1        0       0
                config                             2007     2007        1     400E       0
dist/default/production\aula7.X.production.obj
                cinit                               7FE      7FE        2      FFC       0
                text5                               7D9      7D9       25      FB2       0
                text4                               795      795       11      F2A       0
                text3                               787      787        E      F0E       0
                text2                               7BC      7BC       1D      F78       0
                text1                               7A6      7A6       16      F4C       0
                maintext                            783      783        4      F06       0
                cstackCOMMON                         70       70        8       70       1
                strings                               1        1        C        2       0

TOTAL           Name                               Link     Load   Length     Space
        CLASS   STACK          

        CLASS   CODE           
                end_init                              0        0        1         0
                cinit                               7FE      7FE        2         0
                text5                               7D9      7D9       25         0
                text4                               795      795       11         0
                text3                               787      787        E         0
                text2                               7BC      7BC       1D         0
                text1                               7A6      7A6       16         0
                maintext                            783      783        4         0

        CLASS   STRCODE        

        CLASS   STRING         
                strings                               1        1        C         0

        CLASS   CONST          

        CLASS   ENTRY          

        CLASS   COMMON         
                cstackCOMMON                         70       70        8         1

        CLASS   BANK0          

        CLASS   BANK1          

        CLASS   RAM            

        CLASS   ABS1           
                abs_s1                               7E       7E        2         1

        CLASS   SFR0           

        CLASS   SFR1           

        CLASS   SFR2           

        CLASS   SFR3           

        CLASS   CONFIG         
                config                             2007     2007        1         0

        CLASS   IDLOC          

        CLASS   EEDATA         

        CLASS   BANK3          

        CLASS   BANK2          



SEGMENTS        Name                           Load    Length   Top    Selector   Space  Class     Delta

                reset_vec                      000000  000001  000001         0       0  CODE        2
                strings                        000001  00000C  00000D         2       0  STRING      2
                cstackCOMMON                   000070  000008  000078        70       1  COMMON      1
                maintext                       000783  000004  000787       F06       0  CODE        2
                text3                          000787  00000E  000795       F0E       0  CODE        2
                text4                          000795  000011  0007A6       F2A       0  CODE        2
                text1                          0007A6  000016  0007BC       F4C       0  CODE        2
                text2                          0007BC  00001D  0007D9       F78       0  CODE        2
                text5                          0007D9  000025  0007FE       FB2       0  CODE        2
                cinit                          0007FE  000002  000800       FFC       0  CODE        2
                config                         002007  000001  002008      400E       0  CONFIG      2


UNUSED ADDRESS RANGES

        Name                Unused          Largest block    Delta
        BANK0            0020-006F             50           1
        BANK1            00A0-00BF             20           1
        CODE             000D-0782            776           2
        COMMON           0078-007D              6           1
        CONST            000D-0782            100           2
        EEDATA           2100-213F             40           2
        ENTRY            000D-0782            100           2
        IDLOC            2000-2003              4           2
        RAM              0020-006F             50           1
                         00A0-00BF             20
        SFR0             0000-001F             20           1
        SFR1             0080-009F             20           1
        SFR2             0100-016F             70           1
        SFR3             0180-01EF             70           1
        STACK            0020-006F             50           1
        STRCODE          000D-0782            776           2
        STRING           000D-0782            100           2

                                  Symbol Table

_PORTAbits               (abs)        0005
_PORTB                   (abs)        0006
_PORTCbits               (abs)        0007
_TRISAbits               (abs)        0085
_TRISB                   (abs)        0086
_TRISCbits               (abs)        0087
__CFG_BOREN$ON           (abs)        0000
__CFG_CP$OFF             (abs)        0000
__CFG_CPD$OFF            (abs)        0000
__CFG_FOSC$HS            (abs)        0000
__CFG_LVP$OFF            (abs)        0000
__CFG_PWRTE$OFF          (abs)        0000
__CFG_WDTE$OFF           (abs)        0000
__CFG_WRT$OFF            (abs)        0000
__Habs1                  abs1         0000
__Hbank0                 bank0        0000
__Hbank1                 bank1        0000
__Hbank2                 bank2        0000
__Hbank3                 bank3        0000
__Hcinit                 cinit        0800
__Hclrtext               clrtext      0000
__Hcode                  code         0000
__Hcommon                common       0000
__Hconfig                config       2008
__HcstackCOMMON          cstackCOMMON 0000
__Heeprom_data           eeprom_data  0000
__Hend_init              end_init     0001
__Hfunctab               functab      0000
__Hidloc                 idloc        0000
__Hinit                  init         0000
__Hintentry              intentry     0000
__Hmaintext              maintext     0000
__Hpowerup               powerup      0000
__Hram                   ram          0000
__Hreset_vec             reset_vec    0000
__Hsfr0                  sfr0         0000
__Hsfr1                  sfr1         0000
__Hsfr2                  sfr2         0000
__Hsfr3                  sfr3         0000
__Hspace_0               (abs)        2008
__Hspace_1               (abs)        0078
__Hspace_2               (abs)        0000
__Hspace_3               (abs)        0000
__Hstack                 stack        0000
__Hstrings               strings      0000
__Htext                  text         0000
__Labs1                  abs1         0000
__Lbank0                 bank0        0000
__Lbank1                 bank1        0000
__Lbank2                 bank2        0000
__Lbank3                 bank3        0000
__Lcinit                 cinit        07FE
__Lclrtext               clrtext      0000
__Lcode                  code         0000
__Lcommon                common       0000
__Lconfig                config       2007
__LcstackCOMMON          cstackCOMMON 0000
__Leeprom_data           eeprom_data  0000
__Lend_init              end_init     0000
__Lfunctab               functab      0000
__Lidloc                 idloc        0000
__Linit                  init         0000
__Lintentry              intentry     0000
__Lmaintext              maintext     0000
__Lpowerup               powerup      0000
__Lram                   ram          0000
__Lreset_vec             reset_vec    0000
__Lsfr0                  sfr0         0000
__Lsfr1                  sfr1         0000
__Lsfr2                  sfr2         0000
__Lsfr3                  sfr3         0000
__Lspace_0               (abs)        0000
__Lspace_1               (abs)        0000
__Lspace_2               (abs)        0000
__Lspace_3               (abs)        0000
__Lstack                 stack        0000
__Lstrings               strings      0000
__Ltext                  text         0000
__S0                     (abs)        2008
__S1                     (abs)        0078
__S2                     (abs)        0000
__S3                     (abs)        0000
___int_sp                stack        0000
___latbits               (abs)        0000
___sp                    stack        0000
__end_of__initialization cinit        07FE
__end_of__stringtab      strings      0007
__end_of_enable          text5        07FE
__end_of_init_LCD        text3        0795
__end_of_main            maintext     0787
__end_of_send_cmd        text4        07A6
__end_of_send_msg        text2        07D9
__end_of_write_LCD       text1        07BC
__initialization         cinit        07FE
__pcstackCOMMON          cstackCOMMON 0070
__pmaintext              maintext     0783
__pstrings               strings      0001
__ptext1                 text1        07A6
__ptext2                 text2        07BC
__ptext3                 text3        0787
__ptext4                 text4        0795
__ptext5                 text5        07D9
__size_of_enable         (abs)        0000
__size_of_init_LCD       (abs)        0000
__size_of_main           (abs)        0000
__size_of_send_cmd       (abs)        0000
__size_of_send_msg       (abs)        0000
__size_of_write_LCD      (abs)        0000
__stringbase             strings      0006
__stringtab              strings      0001
_enable                  text5        07D9
_init_LCD                text3        0787
_main                    maintext     0783
_send_cmd                text4        0795
_send_msg                text2        07BC
_write_LCD               text1        07A6
btemp                    (abs)        007E
end_of_initialization    cinit        07FE
intlevel0                functab      0000
intlevel1                functab      0000
intlevel2                functab      0000
intlevel3                functab      0000
intlevel4                functab      0000
intlevel5                functab      0000
reset_vec                reset_vec    0000
send_cmd@cmd             cstackCOMMON 0074
send_msg@msg             cstackCOMMON 0074
stackhi                  (abs)        0000
stacklo                  (abs)        0000
start                    init         0000
start_initialization     cinit        07FE
write_LCD@c              cstackCOMMON 0077
write_LCD@i              cstackCOMMON 0075
wtemp0                   (abs)        007E


FUNCTION INFORMATION:

 *************** function _main *****************
 Defined at:
		line 11 in file "main.c"
 Parameters:    Size  Location     Type
		None
 Auto vars:     Size  Location     Type
		None
 Return value:  Size  Location     Type
                  1    wreg      void 
 Registers used:
		wreg, fsr0l, fsr0h, status,2, status,0, pclath, cstack
 Tracked objects:
		On entry : 
		On exit  : 
		Unchanged: 
 Data sizes:     COMMON   BANK0   BANK1
      Params:         0       0       0
      Locals:         0       0       0
      Temps:          0       0       0
      Totals:         0       0       0
Total ram usage:        0 bytes
 Hardware stack levels required when called:    3
 This function calls:
		_init_LCD
		_write_LCD
 This function is called by:
		Startup code after reset
 This function uses a non-reentrant model


 *************** function _write_LCD *****************
 Defined at:
		line 56 in file "lcd.c"
 Parameters:    Size  Location     Type
  c               1    wreg     PTR unsigned char 
		 -> STR_1(6), 
 Auto vars:     Size  Location     Type
  c               1    7[COMMON] PTR unsigned char 
		 -> STR_1(6), 
  i               2    5[COMMON] int 
 Return value:  Size  Location     Type
                  1    wreg      void 
 Registers used:
		wreg, fsr0l, fsr0h, status,2, status,0, pclath, cstack
 Tracked objects:
		On entry : 
		On exit  : 
		Unchanged: 
 Data sizes:     COMMON   BANK0   BANK1
      Params:         0       0       0
      Locals:         3       0       0
      Temps:          0       0       0
      Totals:         3       0       0
Total ram usage:        3 bytes
 Hardware stack levels used:    1
 Hardware stack levels required when called:    2
 This function calls:
		_send_msg
 This function is called by:
		_main
 This function uses a non-reentrant model


 *************** function _send_msg *****************
 Defined at:
		line 32 in file "lcd.c"
 Parameters:    Size  Location     Type
  msg             1    wreg     unsigned char 
 Auto vars:     Size  Location     Type
  msg             1    4[COMMON] unsigned char 
 Return value:  Size  Location     Type
                  1    wreg      void 
 Registers used:
		wreg, status,2, status,0, pclath, cstack
 Tracked objects:
		On entry : 
		On exit  : 
		Unchanged: 
 Data sizes:     COMMON   BANK0   BANK1
      Params:         0       0       0
      Locals:         1       0       0
      Temps:          2       0       0
      Totals:         3       0       0
Total ram usage:        3 bytes
 Hardware stack levels used:    1
 Hardware stack levels required when called:    1
 This function calls:
		_enable
 This function is called by:
		_write_LCD
 This function uses a non-reentrant model


 *************** function _init_LCD *****************
 Defined at:
		line 43 in file "lcd.c"
 Parameters:    Size  Location     Type
		None
 Auto vars:     Size  Location     Type
		None
 Return value:  Size  Location     Type
                  1    wreg      void 
 Registers used:
		wreg, status,2, status,0, pclath, cstack
 Tracked objects:
		On entry : 
		On exit  : 
		Unchanged: 
 Data sizes:     COMMON   BANK0   BANK1
      Params:         0       0       0
      Locals:         0       0       0
      Temps:          0       0       0
      Totals:         0       0       0
Total ram usage:        0 bytes
 Hardware stack levels used:    1
 Hardware stack levels required when called:    2
 This function calls:
		_send_cmd
 This function is called by:
		_main
 This function uses a non-reentrant model


 *************** function _send_cmd *****************
 Defined at:
		line 23 in file "lcd.c"
 Parameters:    Size  Location     Type
  cmd             1    wreg     unsigned char 
 Auto vars:     Size  Location     Type
  cmd             1    4[COMMON] unsigned char 
 Return value:  Size  Location     Type
                  1    wreg      void 
 Registers used:
		wreg, status,2, status,0, pclath, cstack
 Tracked objects:
		On entry : 
		On exit  : 
		Unchanged: 
 Data sizes:     COMMON   BANK0   BANK1
      Params:         0       0       0
      Locals:         1       0       0
      Temps:          2       0       0
      Totals:         3       0       0
Total ram usage:        3 bytes
 Hardware stack levels used:    1
 Hardware stack levels required when called:    1
 This function calls:
		_enable
 This function is called by:
		_init_LCD
 This function uses a non-reentrant model


 *************** function _enable *****************
 Defined at:
		line 12 in file "lcd.c"
 Parameters:    Size  Location     Type
		None
 Auto vars:     Size  Location     Type
		None
 Return value:  Size  Location     Type
                  1    wreg      void 
 Registers used:
		wreg
 Tracked objects:
		On entry : 
		On exit  : 
		Unchanged: 
 Data sizes:     COMMON   BANK0   BANK1
      Params:         0       0       0
      Locals:         0       0       0
      Temps:          2       0       0
      Totals:         2       0       0
Total ram usage:        2 bytes
 Hardware stack levels used:    1
 This function calls:
		Nothing
 This function is called by:
		_send_cmd
		_send_msg
 This function uses a non-reentrant model



MODULE INFORMATION

Module		Function		Class		Link	Load	Size
shared
		__stringtab    		STRING         	0001	0000	7
		__initialization		CODE           	07FE	0000	1

shared estimated size: 8

lcd.c
		_send_cmd      		CODE           	0795	0000	18
		_enable        		CODE           	07D9	0000	38
		_write_LCD     		CODE           	07A6	0000	23
		_init_LCD      		CODE           	0787	0000	15
		_send_msg      		CODE           	07BC	0000	30

lcd.c estimated size: 124

main.c
		_main          		CODE           	0783	0000	5

main.c estimated size: 5

